// Jest Snapshot v1, https://goo.gl/fbAQLP

exports[`Modal component should render correctly 1`] = `
<div>
  <div
    class="fixed inset-0 z-50 flex items-center justify-center bg-black bg-opacity-50"
  >
    <div
      class="relative bg-iceBlue shadow-lg rounded-lg p-4 min-w-[320px] fit-content"
    >
      <div
        class="flex justify-between items-center w-full mb-4"
      >
        <h2
          class="text-lg font-semibold mx-auto"
        >
          mock title
        </h2>
      </div>
      <div
        class="px-2"
      />
    </div>
  </div>
</div>
`;

exports[`Modal component should render with isOpen false 1`] = `<div />`;
