// Jest Snapshot v1, https://goo.gl/fbAQLP

exports[`NavTab Component Should match snapshot 1`] = `
{
  "asFragment": [Function],
  "baseElement": <body>
    <div>
      <div
        class="chakra-tabs css-79elbk"
      >
        <div
          aria-orientation="horizontal"
          class="chakra-tabs__tablist css-gjkjxc"
          role="tablist"
        >
          <button
            aria-controls="tabs-:r0:--tabpanel-0"
            aria-disabled="false"
            aria-selected="true"
            class="chakra-tabs__tab css-z1kpsc"
            data-index="0"
            id="tabs-:r0:--tab-0"
            role="tab"
            tabindex="0"
            type="button"
          >
            Company
          </button>
          <button
            aria-controls="tabs-:r0:--tabpanel-1"
            aria-disabled="false"
            aria-selected="false"
            class="chakra-tabs__tab css-1d3zngc"
            data-index="1"
            id="tabs-:r0:--tab-1"
            role="tab"
            tabindex="-1"
            type="button"
          >
            Setting Control
          </button>
        </div>
        <div
          class="chakra-tabs__tab-panels css-w464rq"
        >
          <div
            aria-labelledby="tabs-:r0:--tab-0"
            class="chakra-tabs__tab-panel css-sjt5nk"
            id="tabs-:r0:--tabpanel-0"
            role="tabpanel"
            tabindex="0"
          >
            <div
              class="css-0"
            >
              Content
            </div>
          </div>
          <div
            aria-labelledby="tabs-:r0:--tab-1"
            class="chakra-tabs__tab-panel css-sjt5nk"
            hidden=""
            id="tabs-:r0:--tabpanel-1"
            role="tabpanel"
            tabindex="0"
          />
        </div>
      </div>
    </div>
  </body>,
  "container": <div>
    <div
      class="chakra-tabs css-79elbk"
    >
      <div
        aria-orientation="horizontal"
        class="chakra-tabs__tablist css-gjkjxc"
        role="tablist"
      >
        <button
          aria-controls="tabs-:r0:--tabpanel-0"
          aria-disabled="false"
          aria-selected="true"
          class="chakra-tabs__tab css-z1kpsc"
          data-index="0"
          id="tabs-:r0:--tab-0"
          role="tab"
          tabindex="0"
          type="button"
        >
          Company
        </button>
        <button
          aria-controls="tabs-:r0:--tabpanel-1"
          aria-disabled="false"
          aria-selected="false"
          class="chakra-tabs__tab css-1d3zngc"
          data-index="1"
          id="tabs-:r0:--tab-1"
          role="tab"
          tabindex="-1"
          type="button"
        >
          Setting Control
        </button>
      </div>
      <div
        class="chakra-tabs__tab-panels css-w464rq"
      >
        <div
          aria-labelledby="tabs-:r0:--tab-0"
          class="chakra-tabs__tab-panel css-sjt5nk"
          id="tabs-:r0:--tabpanel-0"
          role="tabpanel"
          tabindex="0"
        >
          <div
            class="css-0"
          >
            Content
          </div>
        </div>
        <div
          aria-labelledby="tabs-:r0:--tab-1"
          class="chakra-tabs__tab-panel css-sjt5nk"
          hidden=""
          id="tabs-:r0:--tabpanel-1"
          role="tabpanel"
          tabindex="0"
        />
      </div>
    </div>
  </div>,
  "debug": [Function],
  "findAllByAltText": [Function],
  "findAllByDisplayValue": [Function],
  "findAllByLabelText": [Function],
  "findAllByPlaceholderText": [Function],
  "findAllByRole": [Function],
  "findAllByTestId": [Function],
  "findAllByText": [Function],
  "findAllByTitle": [Function],
  "findByAltText": [Function],
  "findByDisplayValue": [Function],
  "findByLabelText": [Function],
  "findByPlaceholderText": [Function],
  "findByRole": [Function],
  "findByTestId": [Function],
  "findByText": [Function],
  "findByTitle": [Function],
  "getAllByAltText": [Function],
  "getAllByDisplayValue": [Function],
  "getAllByLabelText": [Function],
  "getAllByPlaceholderText": [Function],
  "getAllByRole": [Function],
  "getAllByTestId": [Function],
  "getAllByText": [Function],
  "getAllByTitle": [Function],
  "getByAltText": [Function],
  "getByDisplayValue": [Function],
  "getByLabelText": [Function],
  "getByPlaceholderText": [Function],
  "getByRole": [Function],
  "getByTestId": [Function],
  "getByText": [Function],
  "getByTitle": [Function],
  "queryAllByAltText": [Function],
  "queryAllByDisplayValue": [Function],
  "queryAllByLabelText": [Function],
  "queryAllByPlaceholderText": [Function],
  "queryAllByRole": [Function],
  "queryAllByTestId": [Function],
  "queryAllByText": [Function],
  "queryAllByTitle": [Function],
  "queryByAltText": [Function],
  "queryByDisplayValue": [Function],
  "queryByLabelText": [Function],
  "queryByPlaceholderText": [Function],
  "queryByRole": [Function],
  "queryByTestId": [Function],
  "queryByText": [Function],
  "queryByTitle": [Function],
  "rerender": [Function],
  "unmount": [Function],
}
`;
