// Jest Snapshot v1, https://goo.gl/fbAQLP

exports[`UploadFile Component should match snapshot 1`] = `
<div>
  <button
    class="chakra-button css-5yhc5p"
    type="button"
  >
    <div
      class="css-w1wtgb"
    />
    <p
      class="chakra-text css-pdsxzy"
    >
      Attachment
    </p>
    <input
      class="chakra-input css-1hyfx7x"
    />
  </button>
</div>
`;
